// Jest Snapshot v1, https://goo.gl/fbAQLP

exports[`Table table short snapshot 1`] = `
<div
  className="table"
>
  <div
    className="table-header"
  >
    <span
      className="large-column"
    >
      <button
        className="button-inline"
        onClick={[Function]}
        type="button"
      >
        Title
      </button>
    </span>
    <span
      className="middle-column"
    >
      <button
        className="button-inline button-active"
        onClick={[Function]}
        type="button"
      >
        Author
      </button>
    </span>
    <span
      className="small-column"
    >
      <button
        className="button-inline"
        onClick={[Function]}
        type="button"
      >
        Comments
      </button>
    </span>
    <span
      className="small-column"
    >
      <button
        className="button-inline"
        onClick={[Function]}
        type="button"
      >
        Points
      </button>
    </span>
  </div>
  <div
    className="table-row"
  >
    <span
      className="large-column"
    >
      <a>
        1
      </a>
    </span>
    <span
      className="middle-column"
    >
      1
    </span>
    <span
      className="small-column"
    >
      1
    </span>
    <span
      className="small-column"
    >
      2
    </span>
    <span
      className="small-column"
    >
      <button
        className="button-inline"
        onClick={[Function]}
        type="button"
      >
        Drop It
      </button>
    </span>
  </div>
  <div
    className="table-row"
  >
    <span
      className="large-column"
    >
      <a>
        2
      </a>
    </span>
    <span
      className="middle-column"
    >
      2
    </span>
    <span
      className="small-column"
    >
      2
    </span>
    <span
      className="small-column"
    >
      4
    </span>
    <span
      className="small-column"
    >
      <button
        className="button-inline"
        onClick={[Function]}
        type="button"
      >
        Drop It
      </button>
    </span>
  </div>
</div>
`;
